Only cartoons.
0: 
1: CARTOON 
It's a puppet cartoon
Title: Title#a
Country of Origin: USA
2: 
