It is a documentary movie
Year:  2020
Title: Title
Country: Russia
